# name: test_load_propbank_samples
  list([
    FrameAnnotatedSentence(text='Paris was once the sex capital of the world .', annotations=[FrameAnnotation(frame='be.01', trigger_locs=[6], frame_elements=[FrameElementAnnotation(name='ARG1', start_loc=0, end_loc=5), FrameElementAnnotation(name='ARGM-TMP', start_loc=10, end_loc=14), FrameElementAnnotation(name='ARG2', start_loc=15, end_loc=43)])], skip_trigger_identification_task=False),
    FrameAnnotatedSentence(text='But a crackdown on prostitution and the rise of porn megastores are destroying a unique , secret heritage .', annotations=[FrameAnnotation(frame='be.03', trigger_locs=[64], frame_elements=[]), FrameAnnotation(frame='destroy.01', trigger_locs=[68], frame_elements=[FrameElementAnnotation(name='ARGM-DIS', start_loc=0, end_loc=3), FrameElementAnnotation(name='ARG0', start_loc=4, end_loc=63), FrameElementAnnotation(name='ARG1', start_loc=79, end_loc=105)])], skip_trigger_identification_task=False),
    FrameAnnotatedSentence(text='Andrew Hussey reports', annotations=[FrameAnnotation(frame='report.01', trigger_locs=[14], frame_elements=[FrameElementAnnotation(name='ARG0', start_loc=0, end_loc=13)])], skip_trigger_identification_task=False),
    FrameAnnotatedSentence(text='From the outside at least , there is little to distinguish it from the dozen or so rival sex shops which line the streets in this part of Paris , in between the stalls flogging cheap hip - hop gear and drugs paraphernalia .', annotations=[FrameAnnotation(frame='be.02', trigger_locs=[34], frame_elements=[FrameElementAnnotation(name='ARGM-DIR', start_loc=0, end_loc=25), FrameElementAnnotation(name='ARG1', start_loc=37, end_loc=221)]), FrameAnnotation(frame='distinguish.01', trigger_locs=[47], frame_elements=[FrameElementAnnotation(name='ARG0', start_loc=37, end_loc=43), FrameElementAnnotation(name='ARG1', start_loc=59, end_loc=61), FrameElementAnnotation(name='ARG2', start_loc=62, end_loc=221)]), FrameAnnotation(frame='line.01', trigger_locs=[105], frame_elements=[FrameElementAnnotation(name='ARG2', start_loc=67, end_loc=98), FrameElementAnnotation(name='R-ARG2', start_loc=99, end_loc=104), FrameElementAnnotation(name='ARG1', start_loc=110, end_loc=121), FrameElementAnnotation(name='ARGM-LOC', start_loc=122, end_loc=143), FrameElementAnnotation(name='ARGM-LOC', start_loc=146, end_loc=221)]), FrameAnnotation(frame='flog.01', trigger_locs=[168], frame_elements=[FrameElementAnnotation(name='ARG0', start_loc=157, end_loc=167), FrameElementAnnotation(name='ARG1', start_loc=177, end_loc=221)])], skip_trigger_identification_task=False),
    FrameAnnotatedSentence(text='This part of the city has always had a seedy reputation .', annotations=[FrameAnnotation(frame='have.01', trigger_locs=[22], frame_elements=[])], skip_trigger_identification_task=False),
  ])
# ---
